
R version 3.5.1 (2018-07-02) -- "Feather Spray"
Copyright (C) 2018 The R Foundation for Statistical Computing
Platform: x86_64-apple-darwin15.6.0 (64-bit)

R is free software and comes with ABSOLUTELY NO WARRANTY.
You are welcome to redistribute it under certain conditions.
Type 'license()' or 'licence()' for distribution details.

  Natural language support but running in an English locale

R is a collaborative project with many contributors.
Type 'contributors()' for more information and
'citation()' on how to cite R or R packages in publications.

Type 'demo()' for some demos, 'help()' for on-line help, or
'help.start()' for an HTML browser interface to help.
Type 'q()' to quit R.

[R.app GUI 1.70 (7543) x86_64-apple-darwin15.6.0]

[Workspace restored from /Users/Laura/.RData]
[History restored from /Users/Laura/.Rapp.history]

> getwd
function () 
.Internal(getwd())
<bytecode: 0x7fdaecbcdda0>
<environment: namespace:base>
> getwd()
[1] "/Users/Laura"
> setwd("/Users/Laura/Desktop")
> library(RColorBrewer)
> library(gplots)

Attaching package: ‘gplots’

The following object is masked from ‘package:stats’:

    lowess

> data <- read.csv("/Users/Laura/Desktop/Exam2data.csv")
> data.class(data)
[1] "data.frame"
> matrix_data <- data.matrix(data[2:5])
> rnames <- data[,1]
> rownames(matrix_data) <- rnames
> data.class(matrix_data)
[1] "matrix"
>  my_palette <- colorrampPalette(c("orange","green","blue"))
Error in colorrampPalette(c("orange", "green", "blue")) : 
  could not find function "colorrampPalette"
> my_palette <- coloRampPalette(c("orange","green","blue"))
Error in coloRampPalette(c("orange", "green", "blue")) : 
  could not find function "coloRampPalette"
> my_palette <- colorRampPalette(c("orange","green","blue"))
2018-12-03 09:17:17.600 R[19350:3234337] warning: <NSRemoteView: 0x600000323700> determined it was necessary to configure <_NSPopoverWindow: 0x7fdaea7c3030> to support remote view vibrancy
> png("/Users/Laura/Desktop/Exam2_heatmap2.png", res=700, height=5*300, width=5*300)
> heatmap.2(matrix_data, main="Exam 2 RNA heatmap", notecol="purple", col=my_palette, margins=c(12,19), dendrogram="row")
Error in plot.new() : figure margins too large
> graphics.off()
> png("/Users/Laura/Desktop/Exam2_heatmap2.png", res=700, height=5*300, width=5*300)
> heatmap.2(matrix_data, main="Exam 2 RNA heatmap", notecol="purple", col=my_palette, margins=c(12,19), dendrogram="row")
Error in plot.new() : figure margins too large
> par(mar = rep(2, 4))
> png("/Users/Laura/Desktop/Exam2_heatmap2.png", res=700, height=5*300, width=5*300)
> heatmap.2(matrix_data, main="Exam 2 RNA heatmap", notecol="purple", col=my_palette, margins=c(12,19), dendrogram="row")
Error in plot.new() : figure margins too large
> heatmap.2(matrix_data, main="Exam 2 RNA heatmap", notecol="purple", col=my_palette, margins=c(10,14), dendrogram="row")
Error in plot.new() : figure margins too large
> 